{
    "events": [
        {
            "data": [
                0,
                10
            ],
            "from_address": 3588522635734560402301506863768658247518049453423086523878030385873504815898,
            "keys": [
                1744303484486821561902174603220722448499782664094942993128426674277214273437
            ]
        }
    ]
}
